Archive member included to satisfy reference by file (symbol)

c:/st/stm32cubeide_1.9.0/stm32cubeide/plugins/com.st.stm32cube.ide.mcu.externaltools.gnu-tools-for-stm32.10.3-2021.10.win32_1.0.0.202111181127/tools/bin/../lib/gcc/arm-none-eabi/10.3.1/../../../../arm-none-eabi/lib/thumb/v7e-m/nofp\libc_nano.a(lib_a-errno.o)
                              ./Core/Src/syscalls.o (__errno)
c:/st/stm32cubeide_1.9.0/stm32cubeide/plugins/com.st.stm32cube.ide.mcu.externaltools.gnu-tools-for-stm32.10.3-2021.10.win32_1.0.0.202111181127/tools/bin/../lib/gcc/arm-none-eabi/10.3.1/../../../../arm-none-eabi/lib/thumb/v7e-m/nofp\libc_nano.a(lib_a-exit.o)
                              c:/st/stm32cubeide_1.9.0/stm32cubeide/plugins/com.st.stm32cube.ide.mcu.externaltools.gnu-tools-for-stm32.10.3-2021.10.win32_1.0.0.202111181127/tools/bin/../lib/gcc/arm-none-eabi/10.3.1/../../../../arm-none-eabi/lib/thumb/v7e-m/nofp/crt0.o (exit)
c:/st/stm32cubeide_1.9.0/stm32cubeide/plugins/com.st.stm32cube.ide.mcu.externaltools.gnu-tools-for-stm32.10.3-2021.10.win32_1.0.0.202111181127/tools/bin/../lib/gcc/arm-none-eabi/10.3.1/../../../../arm-none-eabi/lib/thumb/v7e-m/nofp\libc_nano.a(lib_a-impure.o)
                              c:/st/stm32cubeide_1.9.0/stm32cubeide/plugins/com.st.stm32cube.ide.mcu.externaltools.gnu-tools-for-stm32.10.3-2021.10.win32_1.0.0.202111181127/tools/bin/../lib/gcc/arm-none-eabi/10.3.1/../../../../arm-none-eabi/lib/thumb/v7e-m/nofp\libc_nano.a(lib_a-exit.o) (_global_impure_ptr)
c:/st/stm32cubeide_1.9.0/stm32cubeide/plugins/com.st.stm32cube.ide.mcu.externaltools.gnu-tools-for-stm32.10.3-2021.10.win32_1.0.0.202111181127/tools/bin/../lib/gcc/arm-none-eabi/10.3.1/../../../../arm-none-eabi/lib/thumb/v7e-m/nofp\libc_nano.a(lib_a-init.o)
                              c:/st/stm32cubeide_1.9.0/stm32cubeide/plugins/com.st.stm32cube.ide.mcu.externaltools.gnu-tools-for-stm32.10.3-2021.10.win32_1.0.0.202111181127/tools/bin/../lib/gcc/arm-none-eabi/10.3.1/../../../../arm-none-eabi/lib/thumb/v7e-m/nofp/crt0.o (__libc_init_array)
c:/st/stm32cubeide_1.9.0/stm32cubeide/plugins/com.st.stm32cube.ide.mcu.externaltools.gnu-tools-for-stm32.10.3-2021.10.win32_1.0.0.202111181127/tools/bin/../lib/gcc/arm-none-eabi/10.3.1/../../../../arm-none-eabi/lib/thumb/v7e-m/nofp\libc_nano.a(lib_a-memset.o)
                              c:/st/stm32cubeide_1.9.0/stm32cubeide/plugins/com.st.stm32cube.ide.mcu.externaltools.gnu-tools-for-stm32.10.3-2021.10.win32_1.0.0.202111181127/tools/bin/../lib/gcc/arm-none-eabi/10.3.1/../../../../arm-none-eabi/lib/thumb/v7e-m/nofp/crt0.o (memset)
c:/st/stm32cubeide_1.9.0/stm32cubeide/plugins/com.st.stm32cube.ide.mcu.externaltools.gnu-tools-for-stm32.10.3-2021.10.win32_1.0.0.202111181127/tools/bin/../lib/gcc/arm-none-eabi/10.3.1/thumb/v7e-m/nofp\libgcc.a(_aeabi_uldivmod.o)
                              ./Drivers/STM32F4xx_HAL_Driver/Src/stm32f4xx_hal_rcc.o (__aeabi_uldivmod)
c:/st/stm32cubeide_1.9.0/stm32cubeide/plugins/com.st.stm32cube.ide.mcu.externaltools.gnu-tools-for-stm32.10.3-2021.10.win32_1.0.0.202111181127/tools/bin/../lib/gcc/arm-none-eabi/10.3.1/thumb/v7e-m/nofp\libgcc.a(_udivmoddi4.o)
                              c:/st/stm32cubeide_1.9.0/stm32cubeide/plugins/com.st.stm32cube.ide.mcu.externaltools.gnu-tools-for-stm32.10.3-2021.10.win32_1.0.0.202111181127/tools/bin/../lib/gcc/arm-none-eabi/10.3.1/thumb/v7e-m/nofp\libgcc.a(_aeabi_uldivmod.o) (__udivmoddi4)
c:/st/stm32cubeide_1.9.0/stm32cubeide/plugins/com.st.stm32cube.ide.mcu.externaltools.gnu-tools-for-stm32.10.3-2021.10.win32_1.0.0.202111181127/tools/bin/../lib/gcc/arm-none-eabi/10.3.1/thumb/v7e-m/nofp\libgcc.a(_dvmd_tls.o)
                              c:/st/stm32cubeide_1.9.0/stm32cubeide/plugins/com.st.stm32cube.ide.mcu.externaltools.gnu-tools-for-stm32.10.3-2021.10.win32_1.0.0.202111181127/tools/bin/../lib/gcc/arm-none-eabi/10.3.1/thumb/v7e-m/nofp\libgcc.a(_aeabi_uldivmod.o) (__aeabi_ldiv0)

Discarded input sections

 .text          0x0000000000000000        0x0 c:/st/stm32cubeide_1.9.0/stm32cubeide/plugins/com.st.stm32cube.ide.mcu.externaltools.gnu-tools-for-stm32.10.3-2021.10.win32_1.0.0.202111181127/tools/bin/../lib/gcc/arm-none-eabi/10.3.1/thumb/v7e-m/nofp/crti.o
 .data          0x0000000000000000        0x0 c:/st/stm32cubeide_1.9.0/stm32cubeide/plugins/com.st.stm32cube.ide.mcu.externaltools.gnu-tools-for-stm32.10.3-2021.10.win32_1.0.0.202111181127/tools/bin/../lib/gcc/arm-none-eabi/10.3.1/thumb/v7e-m/nofp/crti.o
 .bss           0x0000000000000000        0x0 c:/st/stm32cubeide_1.9.0/stm32cubeide/plugins/com.st.stm32cube.ide.mcu.externaltools.gnu-tools-for-stm32.10.3-2021.10.win32_1.0.0.202111181127/tools/bin/../lib/gcc/arm-none-eabi/10.3.1/thumb/v7e-m/nofp/crti.o
 .data          0x0000000000000000        0x4 c:/st/stm32cubeide_1.9.0/stm32cubeide/plugins/com.st.stm32cube.ide.mcu.externaltools.gnu-tools-for-stm32.10.3-2021.10.win32_1.0.0.202111181127/tools/bin/../lib/gcc/arm-none-eabi/10.3.1/thumb/v7e-m/nofp/crtbegin.o
[...]
Memory Configuration

Name             Origin             Length             Attributes
CCMRAM           0x0000000010000000 0x0000000000010000 xrw
RAM              0x0000000020000000 0x0000000000020000 xrw
FLASH            0x0000000008000000 0x0000000000100000 xr
*default*        0x0000000000000000 0xffffffffffffffff

Linker script and memory map

LOAD c:/st/stm32cubeide_1.9.0/stm32cubeide/plugins/com.st.stm32cube.ide.mcu.externaltools.gnu-tools-for-stm32.10.3-2021.10.win32_1.0.0.202111181127/tools/bin/../lib/gcc/arm-none-eabi/10.3.1/thumb/v7e-m/nofp/crti.o
LOAD c:/st/stm32cubeide_1.9.0/stm32cubeide/plugins/com.st.stm32cube.ide.mcu.externaltools.gnu-tools-for-stm32.10.3-2021.10.win32_1.0.0.202111181127/tools/bin/../lib/gcc/arm-none-eabi/10.3.1/thumb/v7e-m/nofp/crtbegin.o
LOAD c:/st/stm32cubeide_1.9.0/stm32cubeide/plugins/com.st.stm32cube.ide.mcu.externaltools.gnu-tools-for-stm32.10.3-2021.10.win32_1.0.0.202111181127/tools/bin/../lib/gcc/arm-none-eabi/10.3.1/../../../../arm-none-eabi/lib/thumb/v7e-m/nofp/crt0.o
LOAD ./Core/Src/main.o
LOAD ./Core/Src/project_config.o
LOAD ./Core/Src/project_func.o
LOAD ./Core/Src/stm32f4xx_hal_msp.o
LOAD ./Core/Src/stm32f4xx_it.o
LOAD ./Core/Src/syscalls.o
LOAD ./Core/Src/sysmem.o
LOAD ./Core/Src/system_stm32f4xx.o
LOAD ./Core/Startup/startup_stm32f407vgtx.o
LOAD ./Drivers/STM32F4xx_HAL_Driver/Src/stm32f4xx_hal.o
LOAD ./Drivers/STM32F4xx_HAL_Driver/Src/stm32f4xx_hal_cortex.o
LOAD ./Drivers/STM32F4xx_HAL_Driver/Src/stm32f4xx_hal_dma.o
LOAD ./Drivers/STM32F4xx_HAL_Driver/Src/stm32f4xx_hal_dma_ex.o
LOAD ./Drivers/STM32F4xx_HAL_Driver/Src/stm32f4xx_hal_exti.o
LOAD ./Drivers/STM32F4xx_HAL_Driver/Src/stm32f4xx_hal_flash.o
LOAD ./Drivers/STM32F4xx_HAL_Driver/Src/stm32f4xx_hal_flash_ex.o
LOAD ./Drivers/STM32F4xx_HAL_Driver/Src/stm32f4xx_hal_flash_ramfunc.o
LOAD ./Drivers/STM32F4xx_HAL_Driver/Src/stm32f4xx_hal_gpio.o
LOAD ./Drivers/STM32F4xx_HAL_Driver/Src/stm32f4xx_hal_pwr.o
LOAD ./Drivers/STM32F4xx_HAL_Driver/Src/stm32f4xx_hal_pwr_ex.o
LOAD ./Drivers/STM32F4xx_HAL_Driver/Src/stm32f4xx_hal_rcc.o
LOAD ./Drivers/STM32F4xx_HAL_Driver/Src/stm32f4xx_hal_rcc_ex.o
LOAD ./Drivers/STM32F4xx_HAL_Driver/Src/stm32f4xx_hal_tim.o
LOAD ./Drivers/STM32F4xx_HAL_Driver/Src/stm32f4xx_hal_tim_ex.o
START GROUP
LOAD c:/st/stm32cubeide_1.9.0/stm32cubeide/plugins/com.st.stm32cube.ide.mcu.externaltools.gnu-tools-for-stm32.10.3-2021.10.win32_1.0.0.202111181127/tools/bin/../lib/gcc/arm-none-eabi/10.3.1/../../../../arm-none-eabi/lib/thumb/v7e-m/nofp\libc_nano.a
LOAD c:/st/stm32cubeide_1.9.0/stm32cubeide/plugins/com.st.stm32cube.ide.mcu.externaltools.gnu-tools-for-stm32.10.3-2021.10.win32_1.0.0.202111181127/tools/bin/../lib/gcc/arm-none-eabi/10.3.1/../../../../arm-none-eabi/lib/thumb/v7e-m/nofp\libm.a
END GROUP
START GROUP
LOAD c:/st/stm32cubeide_1.9.0/stm32cubeide/plugins/com.st.stm32cube.ide.mcu.externaltools.gnu-tools-for-stm32.10.3-2021.10.win32_1.0.0.202111181127/tools/bin/../lib/gcc/arm-none-eabi/10.3.1/thumb/v7e-m/nofp\libgcc.a
LOAD c:/st/stm32cubeide_1.9.0/stm32cubeide/plugins/com.st.stm32cube.ide.mcu.externaltools.gnu-tools-for-stm32.10.3-2021.10.win32_1.0.0.202111181127/tools/bin/../lib/gcc/arm-none-eabi/10.3.1/../../../../arm-none-eabi/lib/thumb/v7e-m/nofp\libc_nano.a
END GROUP
START GROUP
LOAD c:/st/stm32cubeide_1.9.0/stm32cubeide/plugins/com.st.stm32cube.ide.mcu.externaltools.gnu-tools-for-stm32.10.3-2021.10.win32_1.0.0.202111181127/tools/bin/../lib/gcc/arm-none-eabi/10.3.1/thumb/v7e-m/nofp\libgcc.a
LOAD c:/st/stm32cubeide_1.9.0/stm32cubeide/plugins/com.st.stm32cube.ide.mcu.externaltools.gnu-tools-for-stm32.10.3-2021.10.win32_1.0.0.202111181127/tools/bin/../lib/gcc/arm-none-eabi/10.3.1/../../../../arm-none-eabi/lib/thumb/v7e-m/nofp\libc_nano.a
LOAD c:/st/stm32cubeide_1.9.0/stm32cubeide/plugins/com.st.stm32cube.ide.mcu.externaltools.gnu-tools-for-stm32.10.3-2021.10.win32_1.0.0.202111181127/tools/bin/../lib/gcc/arm-none-eabi/10.3.1/../../../../arm-none-eabi/lib/thumb/v7e-m/nofp\libnosys.a
END GROUP
START GROUP
LOAD c:/st/stm32cubeide_1.9.0/stm32cubeide/plugins/com.st.stm32cube.ide.mcu.externaltools.gnu-tools-for-stm32.10.3-2021.10.win32_1.0.0.202111181127/tools/bin/../lib/gcc/arm-none-eabi/10.3.1/thumb/v7e-m/nofp\libgcc.a
LOAD c:/st/stm32cubeide_1.9.0/stm32cubeide/plugins/com.st.stm32cube.ide.mcu.externaltools.gnu-tools-for-stm32.10.3-2021.10.win32_1.0.0.202111181127/tools/bin/../lib/gcc/arm-none-eabi/10.3.1/../../../../arm-none-eabi/lib/thumb/v7e-m/nofp\libc_nano.a
LOAD c:/st/stm32cubeide_1.9.0/stm32cubeide/plugins/com.st.stm32cube.ide.mcu.externaltools.gnu-tools-for-stm32.10.3-2021.10.win32_1.0.0.202111181127/tools/bin/../lib/gcc/arm-none-eabi/10.3.1/../../../../arm-none-eabi/lib/thumb/v7e-m/nofp\libnosys.a
END GROUP
LOAD c:/st/stm32cubeide_1.9.0/stm32cubeide/plugins/com.st.stm32cube.ide.mcu.externaltools.gnu-tools-for-stm32.10.3-2021.10.win32_1.0.0.202111181127/tools/bin/../lib/gcc/arm-none-eabi/10.3.1/thumb/v7e-m/nofp/crtend.o
LOAD c:/st/stm32cubeide_1.9.0/stm32cubeide/plugins/com.st.stm32cube.ide.mcu.externaltools.gnu-tools-for-stm32.10.3-2021.10.win32_1.0.0.202111181127/tools/bin/../lib/gcc/arm-none-eabi/10.3.1/thumb/v7e-m/nofp/crtn.o
                0x0000000020020000                _estack = (ORIGIN (RAM) + LENGTH (RAM))
                0x0000000000000200                _Min_Heap_Size = 0x200
                0x0000000000000400                _Min_Stack_Size = 0x400

.isr_vector     0x0000000008000000      0x188
                0x0000000008000000                . = ALIGN (0x4)
 *(.isr_vector)
 .isr_vector    0x0000000008000000      0x188 ./Core/Startup/startup_stm32f407vgtx.o
                0x0000000008000000                g_pfnVectors
                0x0000000008000188                . = ALIGN (0x4)

.text           0x0000000008000188     0x1874
                0x0000000008000188                . = ALIGN (0x4)
 *(.text)
 .text          0x0000000008000188       0x40 c:/st/stm32cubeide_1.9.0/stm32cubeide/plugins/com.st.stm32cube.ide.mcu.externaltools.gnu-tools-for-stm32.10.3-2021.10.win32_1.0.0.202111181127/tools/bin/../lib/gcc/arm-none-eabi/10.3.1/thumb/v7e-m/nofp/crtbegin.o
 .text          0x00000000080001c8       0x30 c:/st/stm32cubeide_1.9.0/stm32cubeide/plugins/com.st.stm32cube.ide.mcu.externaltools.gnu-tools-for-stm32.10.3-2021.10.win32_1.0.0.202111181127/tools/bin/../lib/gcc/arm-none-eabi/10.3.1/thumb/v7e-m/nofp\libgcc.a(_aeabi_uldivmod.o)
                0x00000000080001c8                __aeabi_uldivmod
 .text          0x00000000080001f8      0x2d0 c:/st/stm32cubeide_1.9.0/stm32cubeide/plugins/com.st.stm32cube.ide.mcu.externaltools.gnu-tools-for-stm32.10.3-2021.10.win32_1.0.0.202111181127/tools/bin/../lib/gcc/arm-none-eabi/10.3.1/thumb/v7e-m/nofp\libgcc.a(_udivmoddi4.o)
                0x00000000080001f8                __udivmoddi4
 .text          0x00000000080004c8        0x4 c:/st/stm32cubeide_1.9.0/stm32cubeide/plugins/com.st.stm32cube.ide.mcu.externaltools.gnu-tools-for-stm32.10.3-2021.10.win32_1.0.0.202111181127/tools/bin/../lib/gcc/arm-none-eabi/10.3.1/thumb/v7e-m/nofp\libgcc.a(_dvmd_tls.o)
                0x00000000080004c8                __aeabi_idiv0
                0x00000000080004c8                __aeabi_ldiv0
 *(.text*)
 .text.main     0x00000000080004cc       0x6c ./Core/Src/main.o
                0x00000000080004cc                main
 .text.HAL_GPIO_EXTI_Callback
                0x0000000008000538       0x28 ./Core/Src/main.o
                0x0000000008000538                HAL_GPIO_EXTI_Callback
 .text.SystemClock_Config
                0x0000000008000560       0xbc ./Core/Src/project_config.o
                0x0000000008000560                SystemClock_Config
 .text.Error_Handler
                0x000000000800061c        0xa ./Core/Src/project_config.o
                0x000000000800061c                Error_Handler
 .text.Delay_config
                0x0000000008000626       0x30 ./Core/Src/project_config.o
                0x0000000008000626                Delay_config
 *fill*         0x0000000008000656        0x2 
 .text.MX_GPIO_Init
                0x0000000008000658       0xd4 ./Core/Src/project_config.o
                0x0000000008000658                MX_GPIO_Init
 .text.Ignition_System_Start
                0x000000000800072c       0x18 ./Core/Src/project_func.o
                0x000000000800072c                Ignition_System_Start
 .text.Ignition_System_Stop
                0x0000000008000744       0x18 ./Core/Src/project_func.o
                0x0000000008000744                Ignition_System_Stop
 .text.WiperON_lowspeed_1Hz
                0x000000000800075c       0xd4 ./Core/Src/project_func.o
                0x000000000800075c                WiperON_lowspeed_1Hz
 .text.WiperON_medspeed_4Hz
                0x0000000008000830       0xc0 ./Core/Src/project_func.o
                0x0000000008000830                WiperON_medspeed_4Hz
 .text.WiperON_highspeed_8Hz
                0x00000000080008f0       0xc0 ./Core/Src/project_func.o
                0x00000000080008f0                WiperON_highspeed_8Hz
 .text.HAL_MspInit
                0x00000000080009b0       0x4c ./Core/Src/stm32f4xx_hal_msp.o
                0x00000000080009b0                HAL_MspInit
 .text.NMI_Handler
                0x00000000080009fc        0x6 ./Core/Src/stm32f4xx_it.o
                0x00000000080009fc                NMI_Handler
 .text.HardFault_Handler
                0x0000000008000a02        0x6 ./Core/Src/stm32f4xx_it.o
                0x0000000008000a02                HardFault_Handler
 .text.MemManage_Handler
                0x0000000008000a08        0x6 ./Core/Src/stm32f4xx_it.o
                0x0000000008000a08                MemManage_Handler
 .text.BusFault_Handler
                0x0000000008000a0e        0x6 ./Core/Src/stm32f4xx_it.o
                0x0000000008000a0e                BusFault_Handler
 .text.UsageFault_Handler
                0x0000000008000a14        0x6 ./Core/Src/stm32f4xx_it.o
                0x0000000008000a14                UsageFault_Handler
 .text.SVC_Handler
                0x0000000008000a1a        0xc ./Core/Src/stm32f4xx_it.o
                0x0000000008000a1a                SVC_Handler
 .text.DebugMon_Handler
                0x0000000008000a26        0xc ./Core/Src/stm32f4xx_it.o
                0x0000000008000a26                DebugMon_Handler
 .text.PendSV_Handler
                0x0000000008000a32        0xc ./Core/Src/stm32f4xx_it.o
                0x0000000008000a32                PendSV_Handler
 .text.SysTick_Handler
                0x0000000008000a3e        0xc ./Core/Src/stm32f4xx_it.o
                0x0000000008000a3e                SysTick_Handler
 .text.EXTI0_IRQHandler
                0x0000000008000a4a        0xe ./Core/Src/stm32f4xx_it.o
                0x0000000008000a4a                EXTI0_IRQHandler
 .text.SystemInit
                0x0000000008000a58        0xc ./Core/Src/system_stm32f4xx.o
                0x0000000008000a58                SystemInit
 .text.Reset_Handler
                0x0000000008000a64       0x50 ./Core/Startup/startup_stm32f407vgtx.o
                0x0000000008000a64                Reset_Handler
 .text.Default_Handler
                0x0000000008000ab4        0x2 ./Core/Startup/startup_stm32f407vgtx.o
                0x0000000008000ab4                RTC_Alarm_IRQHandler
                0x0000000008000ab4                HASH_RNG_IRQHandler
                0x0000000008000ab4                EXTI2_IRQHandler
                0x0000000008000ab4                TIM8_CC_IRQHandler
                0x0000000008000ab4                TIM1_CC_IRQHandler
                0x0000000008000ab4                DMA2_Stream5_IRQHandler
                0x0000000008000ab4                DMA1_Stream5_IRQHandler
                0x0000000008000ab4                PVD_IRQHandler
                0x0000000008000ab4                SDIO_IRQHandler
                0x0000000008000ab4                TAMP_STAMP_IRQHandler
                0x0000000008000ab4                CAN2_RX1_IRQHandler
                0x0000000008000ab4                EXTI3_IRQHandler
                0x0000000008000ab4                TIM8_TRG_COM_TIM14_IRQHandler
                0x0000000008000ab4                TIM1_UP_TIM10_IRQHandler
                0x0000000008000ab4                TIM8_UP_TIM13_IRQHandler
                0x0000000008000ab4                I2C3_ER_IRQHandler
                0x0000000008000ab4                I2C2_EV_IRQHandler
                0x0000000008000ab4                DMA1_Stream2_IRQHandler
                0x0000000008000ab4                CAN1_RX0_IRQHandler
                0x0000000008000ab4                FPU_IRQHandler
                0x0000000008000ab4                OTG_HS_WKUP_IRQHandler
                0x0000000008000ab4                CAN2_SCE_IRQHandler
                0x0000000008000ab4                DMA2_Stream2_IRQHandler
                0x0000000008000ab4                SPI1_IRQHandler
                0x0000000008000ab4                TIM6_DAC_IRQHandler
                0x0000000008000ab4                TIM1_BRK_TIM9_IRQHandler
                0x0000000008000ab4                DCMI_IRQHandler
                0x0000000008000ab4                CAN2_RX0_IRQHandler
                0x0000000008000ab4                DMA2_Stream3_IRQHandler
                0x0000000008000ab4                USART6_IRQHandler
                0x0000000008000ab4                USART3_IRQHandler
                0x0000000008000ab4                CAN1_RX1_IRQHandler
                0x0000000008000ab4                UART5_IRQHandler
                0x0000000008000ab4                DMA2_Stream0_IRQHandler
                0x0000000008000ab4                TIM4_IRQHandler
                0x0000000008000ab4                I2C1_EV_IRQHandler
                0x0000000008000ab4                DMA1_Stream6_IRQHandler
                0x0000000008000ab4                DMA1_Stream1_IRQHandler
                0x0000000008000ab4                UART4_IRQHandler
                0x0000000008000ab4                TIM3_IRQHandler
                0x0000000008000ab4                RCC_IRQHandler
                0x0000000008000ab4                TIM8_BRK_TIM12_IRQHandler
                0x0000000008000ab4                Default_Handler
                0x0000000008000ab4                EXTI15_10_IRQHandler
                0x0000000008000ab4                ADC_IRQHandler
                0x0000000008000ab4                DMA1_Stream7_IRQHandler
                0x0000000008000ab4                TIM7_IRQHandler
                0x0000000008000ab4                CAN2_TX_IRQHandler
                0x0000000008000ab4                TIM5_IRQHandler
                0x0000000008000ab4                DMA2_Stream7_IRQHandler
                0x0000000008000ab4                I2C3_EV_IRQHandler
                0x0000000008000ab4                EXTI9_5_IRQHandler
                0x0000000008000ab4                RTC_WKUP_IRQHandler
                0x0000000008000ab4                ETH_WKUP_IRQHandler
                0x0000000008000ab4                SPI2_IRQHandler
                0x0000000008000ab4                OTG_HS_EP1_IN_IRQHandler
                0x0000000008000ab4                DMA1_Stream0_IRQHandler
                0x0000000008000ab4                CAN1_TX_IRQHandler
                0x0000000008000ab4                EXTI4_IRQHandler
                0x0000000008000ab4                FSMC_IRQHandler
                0x0000000008000ab4                ETH_IRQHandler
                0x0000000008000ab4                OTG_HS_EP1_OUT_IRQHandler
                0x0000000008000ab4                WWDG_IRQHandler
                0x0000000008000ab4                TIM2_IRQHandler
                0x0000000008000ab4                OTG_FS_WKUP_IRQHandler
                0x0000000008000ab4                TIM1_TRG_COM_TIM11_IRQHandler
                0x0000000008000ab4                OTG_HS_IRQHandler
                0x0000000008000ab4                EXTI1_IRQHandler
                0x0000000008000ab4                USART2_IRQHandler
                0x0000000008000ab4                I2C2_ER_IRQHandler
                0x0000000008000ab4                DMA2_Stream1_IRQHandler
                0x0000000008000ab4                CAN1_SCE_IRQHandler
                0x0000000008000ab4                FLASH_IRQHandler
                0x0000000008000ab4                DMA2_Stream4_IRQHandler
                0x0000000008000ab4                USART1_IRQHandler
                0x0000000008000ab4                OTG_FS_IRQHandler
                0x0000000008000ab4                SPI3_IRQHandler
                0x0000000008000ab4                DMA1_Stream4_IRQHandler
                0x0000000008000ab4                I2C1_ER_IRQHandler
                0x0000000008000ab4                DMA2_Stream6_IRQHandler
                0x0000000008000ab4                DMA1_Stream3_IRQHandler
 *fill*         0x0000000008000ab6        0x2 
 .text.HAL_Init
                0x0000000008000ab8       0x44 ./Drivers/STM32F4xx_HAL_Driver/Src/stm32f4xx_hal.o
                0x0000000008000ab8                HAL_Init
 .text.HAL_InitTick
                0x0000000008000afc       0x60 ./Drivers/STM32F4xx_HAL_Driver/Src/stm32f4xx_hal.o
                0x0000000008000afc                HAL_InitTick
 .text.HAL_IncTick
                0x0000000008000b5c       0x24 ./Drivers/STM32F4xx_HAL_Driver/Src/stm32f4xx_hal.o
                0x0000000008000b5c                HAL_IncTick
 .text.HAL_GetTick
                0x0000000008000b80       0x14 ./Drivers/STM32F4xx_HAL_Driver/Src/stm32f4xx_hal.o
                0x0000000008000b80                HAL_GetTick
 .text.__NVIC_SetPriorityGrouping
                0x0000000008000b94       0x48 ./Drivers/STM32F4xx_HAL_Driver/Src/stm32f4xx_hal_cortex.o
 .text.__NVIC_GetPriorityGrouping
                0x0000000008000bdc       0x1c ./Drivers/STM32F4xx_HAL_Driver/Src/stm32f4xx_hal_cortex.o
 .text.__NVIC_EnableIRQ
                0x0000000008000bf8       0x38 ./Drivers/STM32F4xx_HAL_Driver/Src/stm32f4xx_hal_cortex.o
 .text.__NVIC_SetPriority
                0x0000000008000c30       0x54 ./Drivers/STM32F4xx_HAL_Driver/Src/stm32f4xx_hal_cortex.o
 .text.NVIC_EncodePriority
                0x0000000008000c84       0x64 ./Drivers/STM32F4xx_HAL_Driver/Src/stm32f4xx_hal_cortex.o
 .text.SysTick_Config
                0x0000000008000ce8       0x44 ./Drivers/STM32F4xx_HAL_Driver/Src/stm32f4xx_hal_cortex.o
 .text.HAL_NVIC_SetPriorityGrouping
                0x0000000008000d2c       0x16 ./Drivers/STM32F4xx_HAL_Driver/Src/stm32f4xx_hal_cortex.o
                0x0000000008000d2c                HAL_NVIC_SetPriorityGrouping
 .text.HAL_NVIC_SetPriority
                0x0000000008000d42       0x38 ./Drivers/STM32F4xx_HAL_Driver/Src/stm32f4xx_hal_cortex.o
                0x0000000008000d42                HAL_NVIC_SetPriority
 .text.HAL_NVIC_EnableIRQ
                0x0000000008000d7a       0x1c ./Drivers/STM32F4xx_HAL_Driver/Src/stm32f4xx_hal_cortex.o
                0x0000000008000d7a                HAL_NVIC_EnableIRQ
 .text.HAL_SYSTICK_Config
                0x0000000008000d96       0x18 ./Drivers/STM32F4xx_HAL_Driver/Src/stm32f4xx_hal_cortex.o
                0x0000000008000d96                HAL_SYSTICK_Config
 *fill*         0x0000000008000dae        0x2 
 .text.HAL_GPIO_Init
                0x0000000008000db0      0x334 ./Drivers/STM32F4xx_HAL_Driver/Src/stm32f4xx_hal_gpio.o
                0x0000000008000db0                HAL_GPIO_Init
 .text.HAL_GPIO_WritePin
                0x00000000080010e4       0x30 ./Drivers/STM32F4xx_HAL_Driver/Src/stm32f4xx_hal_gpio.o
                0x00000000080010e4                HAL_GPIO_WritePin
 .text.HAL_GPIO_EXTI_IRQHandler
                0x0000000008001114       0x30 ./Drivers/STM32F4xx_HAL_Driver/Src/stm32f4xx_hal_gpio.o
                0x0000000008001114                HAL_GPIO_EXTI_IRQHandler
 .text.HAL_RCC_OscConfig
                0x0000000008001144      0x4f0 ./Drivers/STM32F4xx_HAL_Driver/Src/stm32f4xx_hal_rcc.o
                0x0000000008001144                HAL_RCC_OscConfig
 .text.HAL_RCC_ClockConfig
                0x0000000008001634      0x1cc ./Drivers/STM32F4xx_HAL_Driver/Src/stm32f4xx_hal_rcc.o
                0x0000000008001634                HAL_RCC_ClockConfig
 .text.HAL_RCC_GetSysClockFreq
                0x0000000008001800      0x18c ./Drivers/STM32F4xx_HAL_Driver/Src/stm32f4xx_hal_rcc.o
                0x0000000008001800                HAL_RCC_GetSysClockFreq
 .text.__libc_init_array
                0x000000000800198c       0x48 c:/st/stm32cubeide_1.9.0/stm32cubeide/plugins/com.st.stm32cube.ide.mcu.externaltools.gnu-tools-for-stm32.10.3-2021.10.win32_1.0.0.202111181127/tools/bin/../lib/gcc/arm-none-eabi/10.3.1/../../../../arm-none-eabi/lib/thumb/v7e-m/nofp\libc_nano.a(lib_a-init.o)
                0x000000000800198c                __libc_init_array
 .text.memset   0x00000000080019d4       0x10 c:/st/stm32cubeide_1.9.0/stm32cubeide/plugins/com.st.stm32cube.ide.mcu.externaltools.gnu-tools-for-stm32.10.3-2021.10.win32_1.0.0.202111181127/tools/bin/../lib/gcc/arm-none-eabi/10.3.1/../../../../arm-none-eabi/lib/thumb/v7e-m/nofp\libc_nano.a(lib_a-memset.o)
                0x00000000080019d4                memset
 *(.glue_7)
 .glue_7        0x00000000080019e4        0x0 linker stubs
 *(.glue_7t)
 .glue_7t       0x00000000080019e4        0x0 linker stubs
 *(.eh_frame)
 .eh_frame      0x00000000080019e4        0x0 c:/st/stm32cubeide_1.9.0/stm32cubeide/plugins/com.st.stm32cube.ide.mcu.externaltools.gnu-tools-for-stm32.10.3-2021.10.win32_1.0.0.202111181127/tools/bin/../lib/gcc/arm-none-eabi/10.3.1/thumb/v7e-m/nofp/crtbegin.o
 *(.init)
 .init          0x00000000080019e4        0x4 c:/st/stm32cubeide_1.9.0/stm32cubeide/plugins/com.st.stm32cube.ide.mcu.externaltools.gnu-tools-for-stm32.10.3-2021.10.win32_1.0.0.202111181127/tools/bin/../lib/gcc/arm-none-eabi/10.3.1/thumb/v7e-m/nofp/crti.o
                0x00000000080019e4                _init
 .init          0x00000000080019e8        0x8 c:/st/stm32cubeide_1.9.0/stm32cubeide/plugins/com.st.stm32cube.ide.mcu.externaltools.gnu-tools-for-stm32.10.3-2021.10.win32_1.0.0.202111181127/tools/bin/../lib/gcc/arm-none-eabi/10.3.1/thumb/v7e-m/nofp/crtn.o
 *(.fini)
 .fini          0x00000000080019f0        0x4 c:/st/stm32cubeide_1.9.0/stm32cubeide/plugins/com.st.stm32cube.ide.mcu.externaltools.gnu-tools-for-stm32.10.3-2021.10.win32_1.0.0.202111181127/tools/bin/../lib/gcc/arm-none-eabi/10.3.1/thumb/v7e-m/nofp/crti.o
                0x00000000080019f0                _fini
 .fini          0x00000000080019f4        0x8 c:/st/stm32cubeide_1.9.0/stm32cubeide/plugins/com.st.stm32cube.ide.mcu.externaltools.gnu-tools-for-stm32.10.3-2021.10.win32_1.0.0.202111181127/tools/bin/../lib/gcc/arm-none-eabi/10.3.1/thumb/v7e-m/nofp/crtn.o
                0x00000000080019fc                . = ALIGN (0x4)
                0x00000000080019fc                _etext = .

.vfp11_veneer   0x00000000080019fc        0x0
 .vfp11_veneer  0x00000000080019fc        0x0 linker stubs

.v4_bx          0x00000000080019fc        0x0
 .v4_bx         0x00000000080019fc        0x0 linker stubs

.iplt           0x00000000080019fc        0x0
 .iplt          0x00000000080019fc        0x0 c:/st/stm32cubeide_1.9.0/stm32cubeide/plugins/com.st.stm32cube.ide.mcu.externaltools.gnu-tools-for-stm32.10.3-2021.10.win32_1.0.0.202111181127/tools/bin/../lib/gcc/arm-none-eabi/10.3.1/thumb/v7e-m/nofp/crtbegin.o

.rodata         0x00000000080019fc       0x10
                0x00000000080019fc                . = ALIGN (0x4)
 *(.rodata)
 *(.rodata*)
 .rodata.AHBPrescTable
                0x00000000080019fc       0x10 ./Core/Src/system_stm32f4xx.o
                0x00000000080019fc                AHBPrescTable
                0x0000000008001a0c                . = ALIGN (0x4)

.ARM.extab      0x0000000008001a0c        0x0
                0x0000000008001a0c                . = ALIGN (0x4)
 *(.ARM.extab* .gnu.linkonce.armextab.*)
                0x0000000008001a0c                . = ALIGN (0x4)

.ARM            0x0000000008001a0c        0x8
                0x0000000008001a0c                . = ALIGN (0x4)
                0x0000000008001a0c                __exidx_start = .
 *(.ARM.exidx*)
 .ARM.exidx     0x0000000008001a0c        0x8 c:/st/stm32cubeide_1.9.0/stm32cubeide/plugins/com.st.stm32cube.ide.mcu.externaltools.gnu-tools-for-stm32.10.3-2021.10.win32_1.0.0.202111181127/tools/bin/../lib/gcc/arm-none-eabi/10.3.1/thumb/v7e-m/nofp\libgcc.a(_udivmoddi4.o)
                0x0000000008001a14                __exidx_end = .
                0x0000000008001a14                . = ALIGN (0x4)

.rel.dyn        0x0000000008001a14        0x0
 .rel.iplt      0x0000000008001a14        0x0 c:/st/stm32cubeide_1.9.0/stm32cubeide/plugins/com.st.stm32cube.ide.mcu.externaltools.gnu-tools-for-stm32.10.3-2021.10.win32_1.0.0.202111181127/tools/bin/../lib/gcc/arm-none-eabi/10.3.1/thumb/v7e-m/nofp/crtbegin.o

.preinit_array  0x0000000008001a14        0x0
                0x0000000008001a14                . = ALIGN (0x4)
                0x0000000008001a14                PROVIDE (__preinit_array_start = .)
 *(.preinit_array*)
                0x0000000008001a14                PROVIDE (__preinit_array_end = .)
                0x0000000008001a14                . = ALIGN (0x4)

.init_array     0x0000000008001a14        0x4
                0x0000000008001a14                . = ALIGN (0x4)
                0x0000000008001a14                PROVIDE (__init_array_start = .)
 *(SORT_BY_NAME(.init_array.*))
 *(.init_array*)
 .init_array    0x0000000008001a14        0x4 c:/st/stm32cubeide_1.9.0/stm32cubeide/plugins/com.st.stm32cube.ide.mcu.externaltools.gnu-tools-for-stm32.10.3-2021.10.win32_1.0.0.202111181127/tools/bin/../lib/gcc/arm-none-eabi/10.3.1/thumb/v7e-m/nofp/crtbegin.o
                0x0000000008001a18                PROVIDE (__init_array_end = .)
                0x0000000008001a18                . = ALIGN (0x4)

.fini_array     0x0000000008001a18        0x4
                0x0000000008001a18                . = ALIGN (0x4)
                [!provide]                        PROVIDE (__fini_array_start = .)
 *(SORT_BY_NAME(.fini_array.*))
 *(.fini_array*)
 .fini_array    0x0000000008001a18        0x4 c:/st/stm32cubeide_1.9.0/stm32cubeide/plugins/com.st.stm32cube.ide.mcu.externaltools.gnu-tools-for-stm32.10.3-2021.10.win32_1.0.0.202111181127/tools/bin/../lib/gcc/arm-none-eabi/10.3.1/thumb/v7e-m/nofp/crtbegin.o
                [!provide]                        PROVIDE (__fini_array_end = .)
                0x0000000008001a1c                . = ALIGN (0x4)
                0x0000000008001a1c                _sidata = LOADADDR (.data)

.data           0x0000000020000000        0xc load address 0x0000000008001a1c
                0x0000000020000000                . = ALIGN (0x4)
                0x0000000020000000                _sdata = .
 *(.data)
 *(.data*)
 .data.SystemCoreClock
                0x0000000020000000        0x4 ./Core/Src/system_stm32f4xx.o
                0x0000000020000000                SystemCoreClock
 .data.uwTickPrio
                0x0000000020000004        0x4 ./Drivers/STM32F4xx_HAL_Driver/Src/stm32f4xx_hal.o
                0x0000000020000004                uwTickPrio
 .data.uwTickFreq
                0x0000000020000008        0x1 ./Drivers/STM32F4xx_HAL_Driver/Src/stm32f4xx_hal.o
                0x0000000020000008                uwTickFreq
 *(.RamFunc)
 *(.RamFunc*)
                0x000000002000000c                . = ALIGN (0x4)
 *fill*         0x0000000020000009        0x3 
                0x000000002000000c                _edata = .
                0x0000000008001a28                _siccmram = LOADADDR (.ccmram)

.igot.plt       0x000000002000000c        0x0 load address 0x0000000008001a28
 .igot.plt      0x000000002000000c        0x0 c:/st/stm32cubeide_1.9.0/stm32cubeide/plugins/com.st.stm32cube.ide.mcu.externaltools.gnu-tools-for-stm32.10.3-2021.10.win32_1.0.0.202111181127/tools/bin/../lib/gcc/arm-none-eabi/10.3.1/thumb/v7e-m/nofp/crtbegin.o

.ccmram         0x0000000010000000        0x0 load address 0x0000000008001a28
                0x0000000010000000                . = ALIGN (0x4)
                0x0000000010000000                _sccmram = .
 *(.ccmram)
 *(.ccmram*)
                0x0000000010000000                . = ALIGN (0x4)
                0x0000000010000000                _eccmram = .
                0x0000000010000000                . = ALIGN (0x4)

.bss            0x000000002000000c       0x24
                0x000000002000000c                _sbss = .
                0x000000002000000c                __bss_start__ = _sbss
 *(.bss)
 .bss           0x000000002000000c       0x1c c:/st/stm32cubeide_1.9.0/stm32cubeide/plugins/com.st.stm32cube.ide.mcu.externaltools.gnu-tools-for-stm32.10.3-2021.10.win32_1.0.0.202111181127/tools/bin/../lib/gcc/arm-none-eabi/10.3.1/thumb/v7e-m/nofp/crtbegin.o
 *(.bss*)
 .bss.FLAG      0x0000000020000028        0x4 ./Core/Src/main.o
                0x0000000020000028                FLAG
 .bss.uwTick    0x000000002000002c        0x4 ./Drivers/STM32F4xx_HAL_Driver/Src/stm32f4xx_hal.o
                0x000000002000002c                uwTick
 *(COMMON)
                0x0000000020000030                . = ALIGN (0x4)
                0x0000000020000030                _ebss = .
                0x0000000020000030                __bss_end__ = _ebss

._user_heap_stack
                0x0000000020000030      0x600
                0x0000000020000030                . = ALIGN (0x8)
                [!provide]                        PROVIDE (end = .)
                0x0000000020000030                PROVIDE (_end = .)
                0x0000000020000230                . = (. + _Min_Heap_Size)
 *fill*         0x0000000020000030      0x200 
                0x0000000020000630                . = (. + _Min_Stack_Size)
 *fill*         0x0000000020000230      0x400 
                0x0000000020000630                . = ALIGN (0x8)

/DISCARD/
 libc.a(*)
 libm.a(*)
 libgcc.a(*)

.ARM.attributes
                0x0000000000000000       0x2a
 *(.ARM.attributes)
 .ARM.attributes
                0x0000000000000000       0x1e c:/st/stm32cubeide_1.9.0/stm32cubeide/plugins/com.st.stm32cube.ide.mcu.externaltools.gnu-tools-for-stm32.10.3-2021.10.win32_1.0.0.202111181127/tools/bin/../lib/gcc/arm-none-eabi/10.3.1/thumb/v7e-m/nofp/crti.o
 .ARM.attributes
                0x000000000000001e       0x2e c:/st/stm32cubeide_1.9.0/stm32cubeide/plugins/com.st.stm32cube.ide.mcu.externaltools.gnu-tools-for-stm32.10.3-2021.10.win32_1.0.0.202111181127/tools/bin/../lib/gcc/arm-none-eabi/10.3.1/thumb/v7e-m/nofp/crtbegin.o
 .ARM.attributes
                0x000000000000004c       0x2e ./Core/Src/main.o
 .ARM.attributes
                0x000000000000007a       0x2e ./Core/Src/project_config.o
 .ARM.attributes
                0x00000000000000a8       0x2e ./Core/Src/project_func.o
 .ARM.attributes
                0x00000000000000d6       0x2e ./Core/Src/stm32f4xx_hal_msp.o
 .ARM.attributes
                0x0000000000000104       0x2e ./Core/Src/stm32f4xx_it.o
 .ARM.attributes
                0x0000000000000132       0x2e ./Core/Src/system_stm32f4xx.o
 .ARM.attributes
                0x0000000000000160       0x21 ./Core/Startup/startup_stm32f407vgtx.o
 .ARM.attributes
                0x0000000000000181       0x2e ./Drivers/STM32F4xx_HAL_Driver/Src/stm32f4xx_hal.o
 .ARM.attributes
                0x00000000000001af       0x2e ./Drivers/STM32F4xx_HAL_Driver/Src/stm32f4xx_hal_cortex.o
 .ARM.attributes
                0x00000000000001dd       0x2e ./Drivers/STM32F4xx_HAL_Driver/Src/stm32f4xx_hal_gpio.o
 .ARM.attributes
                0x000000000000020b       0x2e ./Drivers/STM32F4xx_HAL_Driver/Src/stm32f4xx_hal_rcc.o
 .ARM.attributes
                0x0000000000000239       0x2e c:/st/stm32cubeide_1.9.0/stm32cubeide/plugins/com.st.stm32cube.ide.mcu.externaltools.gnu-tools-for-stm32.10.3-2021.10.win32_1.0.0.202111181127/tools/bin/../lib/gcc/arm-none-eabi/10.3.1/../../../../arm-none-eabi/lib/thumb/v7e-m/nofp\libc_nano.a(lib_a-init.o)
 .ARM.attributes
                0x0000000000000267       0x2e c:/st/stm32cubeide_1.9.0/stm32cubeide/plugins/com.st.stm32cube.ide.mcu.externaltools.gnu-tools-for-stm32.10.3-2021.10.win32_1.0.0.202111181127/tools/bin/../lib/gcc/arm-none-eabi/10.3.1/../../../../arm-none-eabi/lib/thumb/v7e-m/nofp\libc_nano.a(lib_a-memset.o)
 .ARM.attributes
                0x0000000000000295       0x1e c:/st/stm32cubeide_1.9.0/stm32cubeide/plugins/com.st.stm32cube.ide.mcu.externaltools.gnu-tools-for-stm32.10.3-2021.10.win32_1.0.0.202111181127/tools/bin/../lib/gcc/arm-none-eabi/10.3.1/thumb/v7e-m/nofp\libgcc.a(_aeabi_uldivmod.o)
 .ARM.attributes
                0x00000000000002b3       0x2e c:/st/stm32cubeide_1.9.0/stm32cubeide/plugins/com.st.stm32cube.ide.mcu.externaltools.gnu-tools-for-stm32.10.3-2021.10.win32_1.0.0.202111181127/tools/bin/../lib/gcc/arm-none-eabi/10.3.1/thumb/v7e-m/nofp\libgcc.a(_udivmoddi4.o)
 .ARM.attributes
                0x00000000000002e1       0x1e c:/st/stm32cubeide_1.9.0/stm32cubeide/plugins/com.st.stm32cube.ide.mcu.externaltools.gnu-tools-for-stm32.10.3-2021.10.win32_1.0.0.202111181127/tools/bin/../lib/gcc/arm-none-eabi/10.3.1/thumb/v7e-m/nofp\libgcc.a(_dvmd_tls.o)
 .ARM.attributes
                0x00000000000002ff       0x1e c:/st/stm32cubeide_1.9.0/stm32cubeide/plugins/com.st.stm32cube.ide.mcu.externaltools.gnu-tools-for-stm32.10.3-2021.10.win32_1.0.0.202111181127/tools/bin/../lib/gcc/arm-none-eabi/10.3.1/thumb/v7e-m/nofp/crtn.o
OUTPUT(M3_Wiper_Control_System_proj.elf elf32-littlearm)
LOAD linker stubs
LOAD c:/st/stm32cubeide_1.9.0/stm32cubeide/plugins/com.st.stm32cube.ide.mcu.externaltools.gnu-tools-for-stm32.10.3-2021.10.win32_1.0.0.202111181127/tools/bin/../lib/gcc/arm-none-eabi/10.3.1/../../../../arm-none-eabi/lib/thumb/v7e-m/nofp\libc.a
LOAD c:/st/stm32cubeide_1.9.0/stm32cubeide/plugins/com.st.stm32cube.ide.mcu.externaltools.gnu-tools-for-stm32.10.3-2021.10.win32_1.0.0.202111181127/tools/bin/../lib/gcc/arm-none-eabi/10.3.1/../../../../arm-none-eabi/lib/thumb/v7e-m/nofp\libm.a
LOAD c:/st/stm32cubeide_1.9.0/stm32cubeide/plugins/com.st.stm32cube.ide.mcu.externaltools.gnu-tools-for-stm32.10.3-2021.10.win32_1.0.0.202111181127/tools/bin/../lib/gcc/arm-none-eabi/10.3.1/thumb/v7e-m/nofp\libgcc.a

.debug_info     0x0000000000000000     0x3d09
 .debug_info    0x0000000000000000      0x18a ./Core/Src/main.o
 .debug_info    0x000000000000018a      0x978 ./Core/Src/project_config.o
 .debug_info    0x0000000000000b02      0x211 ./Core/Src/project_func.o
 .debug_info    0x0000000000000d13      0x2a8 ./Core/Src/stm32f4xx_hal_msp.o
 .debug_info    0x0000000000000fbb      0x15d ./Core/Src/stm32f4xx_it.o
 .debug_info    0x0000000000001118      0x368 ./Core/Src/system_stm32f4xx.o
 .debug_info    0x0000000000001480       0x22 ./Core/Startup/startup_stm32f407vgtx.o
 .debug_info    0x00000000000014a2      0x97c ./Drivers/STM32F4xx_HAL_Driver/Src/stm32f4xx_hal.o
 .debug_info    0x0000000000001e1e      0xe1b ./Drivers/STM32F4xx_HAL_Driver/Src/stm32f4xx_hal_cortex.o
 .debug_info    0x0000000000002c39      0x76a ./Drivers/STM32F4xx_HAL_Driver/Src/stm32f4xx_hal_gpio.o
 .debug_info    0x00000000000033a3      0x966 ./Drivers/STM32F4xx_HAL_Driver/Src/stm32f4xx_hal_rcc.o

.debug_abbrev   0x0000000000000000      0xfeb
 .debug_abbrev  0x0000000000000000       0xf4 ./Core/Src/main.o
 .debug_abbrev  0x00000000000000f4      0x1dd ./Core/Src/project_config.o
 .debug_abbrev  0x00000000000002d1       0xee ./Core/Src/project_func.o
 .debug_abbrev  0x00000000000003bf       0xd4 ./Core/Src/stm32f4xx_hal_msp.o
 .debug_abbrev  0x0000000000000493       0x9f ./Core/Src/stm32f4xx_it.o
 .debug_abbrev  0x0000000000000532      0x116 ./Core/Src/system_stm32f4xx.o
 .debug_abbrev  0x0000000000000648       0x12 ./Core/Startup/startup_stm32f407vgtx.o
 .debug_abbrev  0x000000000000065a      0x20d ./Drivers/STM32F4xx_HAL_Driver/Src/stm32f4xx_hal.o
 .debug_abbrev  0x0000000000000867      0x316 ./Drivers/STM32F4xx_HAL_Driver/Src/stm32f4xx_hal_cortex.o
 .debug_abbrev  0x0000000000000b7d      0x1c4 ./Drivers/STM32F4xx_HAL_Driver/Src/stm32f4xx_hal_gpio.o
 .debug_abbrev  0x0000000000000d41      0x2aa ./Drivers/STM32F4xx_HAL_Driver/Src/stm32f4xx_hal_rcc.o

.debug_aranges  0x0000000000000000      0x460
 .debug_aranges
                0x0000000000000000       0x28 ./Core/Src/main.o
 .debug_aranges
                0x0000000000000028       0x38 ./Core/Src/project_config.o
 .debug_aranges
                0x0000000000000060       0x40 ./Core/Src/project_func.o
 .debug_aranges
                0x00000000000000a0       0x20 ./Core/Src/stm32f4xx_hal_msp.o
 .debug_aranges
                0x00000000000000c0       0x68 ./Core/Src/stm32f4xx_it.o
 .debug_aranges
                0x0000000000000128       0x28 ./Core/Src/system_stm32f4xx.o
 .debug_aranges
                0x0000000000000150       0x28 ./Core/Startup/startup_stm32f407vgtx.o
 .debug_aranges
                0x0000000000000178       0xf0 ./Drivers/STM32F4xx_HAL_Driver/Src/stm32f4xx_hal.o
 .debug_aranges
                0x0000000000000268      0x118 ./Drivers/STM32F4xx_HAL_Driver/Src/stm32f4xx_hal_cortex.o
 .debug_aranges
                0x0000000000000380       0x58 ./Drivers/STM32F4xx_HAL_Driver/Src/stm32f4xx_hal_gpio.o
 .debug_aranges
                0x00000000000003d8       0x88 ./Drivers/STM32F4xx_HAL_Driver/Src/stm32f4xx_hal_rcc.o

.debug_ranges   0x0000000000000000      0x3b8
 .debug_ranges  0x0000000000000000       0x18 ./Core/Src/main.o
 .debug_ranges  0x0000000000000018       0x28 ./Core/Src/project_config.o
 .debug_ranges  0x0000000000000040       0x30 ./Core/Src/project_func.o
 .debug_ranges  0x0000000000000070       0x10 ./Core/Src/stm32f4xx_hal_msp.o
 .debug_ranges  0x0000000000000080       0x58 ./Core/Src/stm32f4xx_it.o
 .debug_ranges  0x00000000000000d8       0x18 ./Core/Src/system_stm32f4xx.o
 .debug_ranges  0x00000000000000f0       0x20 ./Core/Startup/startup_stm32f407vgtx.o
 .debug_ranges  0x0000000000000110       0xe0 ./Drivers/STM32F4xx_HAL_Driver/Src/stm32f4xx_hal.o
 .debug_ranges  0x00000000000001f0      0x108 ./Drivers/STM32F4xx_HAL_Driver/Src/stm32f4xx_hal_cortex.o
 .debug_ranges  0x00000000000002f8       0x48 ./Drivers/STM32F4xx_HAL_Driver/Src/stm32f4xx_hal_gpio.o
 .debug_ranges  0x0000000000000340       0x78 ./Drivers/STM32F4xx_HAL_Driver/Src/stm32f4xx_hal_rcc.o

.debug_macro    0x0000000000000000    0x1f0d4
 .debug_macro   0x0000000000000000      0x1ce ./Core/Src/main.o
 .debug_macro   0x00000000000001ce      0xa6c ./Core/Src/main.o
 .debug_macro   0x0000000000000c3a      0x28f ./Core/Src/main.o
 .debug_macro   0x0000000000000ec9       0x2e ./Core/Src/main.o
 .debug_macro   0x0000000000000ef7       0x2f ./Core/Src/main.o
 .debug_macro   0x0000000000000f26       0x22 ./Core/Src/main.o
 .debug_macro   0x0000000000000f48       0x8e ./Core/Src/main.o
 .debug_macro   0x0000000000000fd6       0x51 ./Core/Src/main.o
 .debug_macro   0x0000000000001027      0x103 ./Core/Src/main.o
 .debug_macro   0x000000000000112a       0x6a ./Core/Src/main.o
 .debug_macro   0x0000000000001194      0x1df ./Core/Src/main.o
 .debug_macro   0x0000000000001373       0x1c ./Core/Src/main.o
 .debug_macro   0x000000000000138f       0x22 ./Core/Src/main.o
 .debug_macro   0x00000000000013b1       0xd9 ./Core/Src/main.o
 .debug_macro   0x000000000000148a     0x102d ./Core/Src/main.o
 .debug_macro   0x00000000000024b7      0x11f ./Core/Src/main.o
 .debug_macro   0x00000000000025d6    0x15e82 ./Core/Src/main.o
 .debug_macro   0x0000000000018458       0x6d ./Core/Src/main.o
 .debug_macro   0x00000000000184c5     0x367e ./Core/Src/main.o
 .debug_macro   0x000000000001bb43      0x174 ./Core/Src/main.o
 .debug_macro   0x000000000001bcb7       0x5c ./Core/Src/main.o
 .debug_macro   0x000000000001bd13      0x96b ./Core/Src/main.o
 .debug_macro   0x000000000001c67e      0x9fe ./Core/Src/main.o
 .debug_macro   0x000000000001d07c      0x115 ./Core/Src/main.o
 .debug_macro   0x000000000001d191      0x13e ./Core/Src/main.o
 .debug_macro   0x000000000001d2cf       0xa5 ./Core/Src/main.o
 .debug_macro   0x000000000001d374      0x174 ./Core/Src/main.o
 .debug_macro   0x000000000001d4e8      0x287 ./Core/Src/main.o
 .debug_macro   0x000000000001d76f       0x5f ./Core/Src/main.o
 .debug_macro   0x000000000001d7ce      0x236 ./Core/Src/main.o
 .debug_macro   0x000000000001da04      0x12c ./Core/Src/main.o
 .debug_macro   0x000000000001db30      0x21e ./Core/Src/main.o
 .debug_macro   0x000000000001dd4e       0x2e ./Core/Src/main.o
 .debug_macro   0x000000000001dd7c      0x11a ./Core/Src/main.o
 .debug_macro   0x000000000001de96       0x7e ./Core/Src/main.o
 .debug_macro   0x000000000001df14       0x89 ./Core/Src/main.o
 .debug_macro   0x000000000001df9d      0x12d ./Core/Src/main.o
 .debug_macro   0x000000000001e0ca      0x1c4 ./Core/Src/project_config.o
 .debug_macro   0x000000000001e28e      0x1ce ./Core/Src/project_func.o
 .debug_macro   0x000000000001e45c      0x1ba ./Core/Src/stm32f4xx_hal_msp.o
 .debug_macro   0x000000000001e616      0x1c4 ./Core/Src/stm32f4xx_it.o
 .debug_macro   0x000000000001e7da      0x1b0 ./Core/Src/system_stm32f4xx.o
 .debug_macro   0x000000000001e98a      0x210 ./Drivers/STM32F4xx_HAL_Driver/Src/stm32f4xx_hal.o
 .debug_macro   0x000000000001eb9a      0x1b0 ./Drivers/STM32F4xx_HAL_Driver/Src/stm32f4xx_hal_cortex.o
 .debug_macro   0x000000000001ed4a      0x1b6 ./Drivers/STM32F4xx_HAL_Driver/Src/stm32f4xx_hal_gpio.o
 .debug_macro   0x000000000001ef00      0x1d4 ./Drivers/STM32F4xx_HAL_Driver/Src/stm32f4xx_hal_rcc.o

.debug_line     0x0000000000000000     0x5776
 .debug_line    0x0000000000000000      0x6d8 ./Core/Src/main.o
 .debug_line    0x00000000000006d8      0x73d ./Core/Src/project_config.o
 .debug_line    0x0000000000000e15      0x742 ./Core/Src/project_func.o
 .debug_line    0x0000000000001557      0x66e ./Core/Src/stm32f4xx_hal_msp.o
 .debug_line    0x0000000000001bc5      0x749 ./Core/Src/stm32f4xx_it.o
 .debug_line    0x000000000000230e      0x6eb ./Core/Src/system_stm32f4xx.o
 .debug_line    0x00000000000029f9       0x88 ./Core/Startup/startup_stm32f407vgtx.o
 .debug_line    0x0000000000002a81      0x956 ./Drivers/STM32F4xx_HAL_Driver/Src/stm32f4xx_hal.o
 .debug_line    0x00000000000033d7      0xc05 ./Drivers/STM32F4xx_HAL_Driver/Src/stm32f4xx_hal_cortex.o
 .debug_line    0x0000000000003fdc      0xaca ./Drivers/STM32F4xx_HAL_Driver/Src/stm32f4xx_hal_gpio.o
 .debug_line    0x0000000000004aa6      0xcd0 ./Drivers/STM32F4xx_HAL_Driver/Src/stm32f4xx_hal_rcc.o

.debug_str      0x0000000000000000    0xbbe81
 .debug_str     0x0000000000000000    0xba75c ./Core/Src/main.o
                                      0xba9ca (size before relaxing)
 .debug_str     0x00000000000ba75c      0x846 ./Core/Src/project_config.o
                                      0xbb17e (size before relaxing)
 .debug_str     0x00000000000bafa2       0x1b ./Core/Src/project_func.o
                                      0xba9c2 (size before relaxing)
 .debug_str     0x00000000000bafbd       0x2c ./Core/Src/stm32f4xx_hal_msp.o
                                      0xba9b0 (size before relaxing)
 .debug_str     0x00000000000bafe9       0xf3 ./Core/Src/stm32f4xx_it.o
                                      0xba974 (size before relaxing)
 .debug_str     0x00000000000bb0dc       0x87 ./Core/Src/system_stm32f4xx.o
                                      0xbaa0c (size before relaxing)
 .debug_str     0x00000000000bb163       0x36 ./Core/Startup/startup_stm32f407vgtx.o
                                         0x86 (size before relaxing)
 .debug_str     0x00000000000bb199      0x617 ./Drivers/STM32F4xx_HAL_Driver/Src/stm32f4xx_hal.o
                                      0xbb5e4 (size before relaxing)
 .debug_str     0x00000000000bb7b0      0x3a6 ./Drivers/STM32F4xx_HAL_Driver/Src/stm32f4xx_hal_cortex.o
                                      0xbb317 (size before relaxing)
 .debug_str     0x00000000000bbb56       0xf8 ./Drivers/STM32F4xx_HAL_Driver/Src/stm32f4xx_hal_gpio.o
                                      0xbabdb (size before relaxing)
 .debug_str     0x00000000000bbc4e      0x233 ./Drivers/STM32F4xx_HAL_Driver/Src/stm32f4xx_hal_rcc.o
                                      0xbae94 (size before relaxing)

.comment        0x0000000000000000       0x50
 .comment       0x0000000000000000       0x50 ./Core/Src/main.o
                                         0x51 (size before relaxing)
 .comment       0x0000000000000050       0x51 ./Core/Src/project_config.o
 .comment       0x0000000000000050       0x51 ./Core/Src/project_func.o
 .comment       0x0000000000000050       0x51 ./Core/Src/stm32f4xx_hal_msp.o
 .comment       0x0000000000000050       0x51 ./Core/Src/stm32f4xx_it.o
 .comment       0x0000000000000050       0x51 ./Core/Src/system_stm32f4xx.o
 .comment       0x0000000000000050       0x51 ./Drivers/STM32F4xx_HAL_Driver/Src/stm32f4xx_hal.o
 .comment       0x0000000000000050       0x51 ./Drivers/STM32F4xx_HAL_Driver/Src/stm32f4xx_hal_cortex.o
 .comment       0x0000000000000050       0x51 ./Drivers/STM32F4xx_HAL_Driver/Src/stm32f4xx_hal_gpio.o
 .comment       0x0000000000000050       0x51 ./Drivers/STM32F4xx_HAL_Driver/Src/stm32f4xx_hal_rcc.o

.debug_frame    0x0000000000000000      0xf30
 .debug_frame   0x0000000000000000       0x54 ./Core/Src/main.o
 .debug_frame   0x0000000000000054       0x98 ./Core/Src/project_config.o
 .debug_frame   0x00000000000000ec       0x9c ./Core/Src/project_func.o
 .debug_frame   0x0000000000000188       0x38 ./Core/Src/stm32f4xx_hal_msp.o
 .debug_frame   0x00000000000001c0      0x120 ./Core/Src/stm32f4xx_it.o
 .debug_frame   0x00000000000002e0       0x58 ./Core/Src/system_stm32f4xx.o
 .debug_frame   0x0000000000000338      0x374 ./Drivers/STM32F4xx_HAL_Driver/Src/stm32f4xx_hal.o
 .debug_frame   0x00000000000006ac      0x498 ./Drivers/STM32F4xx_HAL_Driver/Src/stm32f4xx_hal_cortex.o
 .debug_frame   0x0000000000000b44      0x14c ./Drivers/STM32F4xx_HAL_Driver/Src/stm32f4xx_hal_gpio.o
 .debug_frame   0x0000000000000c90      0x1f4 ./Drivers/STM32F4xx_HAL_Driver/Src/stm32f4xx_hal_rcc.o
 .debug_frame   0x0000000000000e84       0x2c c:/st/stm32cubeide_1.9.0/stm32cubeide/plugins/com.st.stm32cube.ide.mcu.externaltools.gnu-tools-for-stm32.10.3-2021.10.win32_1.0.0.202111181127/tools/bin/../lib/gcc/arm-none-eabi/10.3.1/../../../../arm-none-eabi/lib/thumb/v7e-m/nofp\libc_nano.a(lib_a-init.o)
 .debug_frame   0x0000000000000eb0       0x20 c:/st/stm32cubeide_1.9.0/stm32cubeide/plugins/com.st.stm32cube.ide.mcu.externaltools.gnu-tools-for-stm32.10.3-2021.10.win32_1.0.0.202111181127/tools/bin/../lib/gcc/arm-none-eabi/10.3.1/../../../../arm-none-eabi/lib/thumb/v7e-m/nofp\libc_nano.a(lib_a-memset.o)
 .debug_frame   0x0000000000000ed0       0x2c c:/st/stm32cubeide_1.9.0/stm32cubeide/plugins/com.st.stm32cube.ide.mcu.externaltools.gnu-tools-for-stm32.10.3-2021.10.win32_1.0.0.202111181127/tools/bin/../lib/gcc/arm-none-eabi/10.3.1/thumb/v7e-m/nofp\libgcc.a(_aeabi_uldivmod.o)
 .debug_frame   0x0000000000000efc       0x34 c:/st/stm32cubeide_1.9.0/stm32cubeide/plugins/com.st.stm32cube.ide.mcu.externaltools.gnu-tools-for-stm32.10.3-2021.10.win32_1.0.0.202111181127/tools/bin/../lib/gcc/arm-none-eabi/10.3.1/thumb/v7e-m/nofp\libgcc.a(_udivmoddi4.o)
